DEEPTARAGH@DESKTOP-R5RE75A MINGW64 ~
$ git --version
git version 2.37.1.windows.1

DEEPTARAGH@DESKTOP-R5RE75A MINGW64 ~
$ git help config

DEEPTARAGH@DESKTOP-R5RE75A MINGW64 ~
$ git config --help

DEEPTARAGH@DESKTOP-R5RE75A MINGW64 ~
$ mkdir test

DEEPTARAGH@DESKTOP-R5RE75A MINGW64 ~
$ cd test

DEEPTARAGH@DESKTOP-R5RE75A MINGW64 ~/test
$ git init
Initialized empty Git repository in C:/Users/DEEPTARAGH/test/.git/

DEEPTARAGH@DESKTOP-R5RE75A MINGW64 ~/test (master)
$ git status
On branch master

No commits yet

Untracked files:
  (use "git add <file>..." to include in what will be committed)
        demo.txt

nothing added to commit but untracked files present (use "git add" to track)

DEEPTARAGH@DESKTOP-R5RE75A MINGW64 ~/test (master)
$ git status
On branch master

No commits yet

Untracked files:
  (use "git add <file>..." to include in what will be committed)
        demo.txt

nothing added to commit but untracked files present (use "git add" to track)

DEEPTARAGH@DESKTOP-R5RE75A MINGW64 ~/test (master)
$ git status
On branch master

No commits yet

nothing to commit (create/copy files and use "git add" to track)

DEEPTARAGH@DESKTOP-R5RE75A MINGW64 ~/test (master)
$ git add demo.txt

DEEPTARAGH@DESKTOP-R5RE75A MINGW64 ~/test (master)
$ git commit -m "committing a text file"
[master (root-commit) c1b4f60] committing a text file
 1 file changed, 1 insertion(+)
 create mode 100644 demo.txt

DEEPTARAGH@DESKTOP-R5RE75A MINGW64 ~/test (master)
$ git config --global user.username DeeptaraghRoy

DEEPTARAGH@DESKTOP-R5RE75A MINGW64 ~/test (master)
$ git remote add origin https://github.com/DeeptaraghRoy/DeeptaraghRoy.git

DEEPTARAGH@DESKTOP-R5RE75A MINGW64 ~/test (master)
$ git push origin master
Enumerating objects: 3, done.
Counting objects: 100% (3/3), done.
Writing objects: 100% (3/3), 231 bytes | 231.00 KiB/s, done.
Total 3 (delta 0), reused 0 (delta 0), pack-reused 0
remote:
remote: Create a pull request for 'master' on GitHub by visiting:
remote:      https://github.com/DeeptaraghRoy/DeeptaraghRoy/pull/new/master
remote:
To https://github.com/DeeptaraghRoy/DeeptaraghRoy.git
 * [new branch]      master -> master

DEEPTARAGH@DESKTOP-R5RE75A MINGW64 ~/test (master)
$ git log
commit c1b4f60abf85d53b69083c14ff3a0df5f4e98a2f (HEAD -> master, origin/master)
Author: DeeptaraghRoy <roydeeptaragh@gmail.com>
Date:   Thu Aug 4 20:32:02 2022 +0530

    committing a text file

DEEPTARAGH@DESKTOP-R5RE75A MINGW64 ~/test (master)
$
